// Jest Snapshot v1, https://goo.gl/fbAQLP

exports[`matches snapshot 1`] = `
<DocumentFragment>
  <div
    class="Todo"
  />
  <button
    class="Todo-remove"
  >
    Done
  </button>
  <br />
</DocumentFragment>
`;
